Archive member included to satisfy reference by file (symbol)

D:\SCAMP\scamp5d_lib\s5d_m0\Release\libs5d_m0.a(cr_startup_lpc43xx-m0app.o)
                              (ResetISR)
D:\SCAMP\scamp5d_lib\s5d_m0\Release\libs5d_m0.a(scamp5_api_analog_imaging.o)
                              ./src/scamp5_main.o (scamp5_get_image(areg_t const&, areg_t const&, int))
D:\SCAMP\scamp5d_lib\s5d_m0\Release\libs5d_m0.a(scamp5_kernel_api.o)
                              D:\SCAMP\scamp5d_lib\s5d_m0\Release\libs5d_m0.a(scamp5_api_analog_imaging.o) (scamp5_kernel::icw_stack_top)
D:\SCAMP\scamp5d_lib\s5d_m0\Release\libs5d_m0.a(scamp5_output.o)
                              ./src/scamp5_main.o (scamp5_verbose_str())
D:\SCAMP\scamp5d_lib\s5d_m0\Release\libs5d_m0.a(scamp5_output_aout.o)
                              ./src/scamp5_main.o (scamp5_output_image(aref_t const&, unsigned long))
D:\SCAMP\scamp5d_lib\s5d_m0\Release\libs5d_m0.a(vs_import.o)
                              D:\SCAMP\scamp5d_lib\s5d_m0\Release\libs5d_m0.a(scamp5_output_aout.o) (vs_io_agent_api::send(void const*, unsigned int))
D:\SCAMP\scamp5d_lib\s5d_m0\Release\libs5d_m0.a(vs_interaction.o)
                              ./src/scamp5_main.o (vs_gui_is_on())
D:\SCAMP\scamp5d_lib\s5d_m0\Release\libs5d_m0.a(vs_interaction_base.o)
                              D:\SCAMP\scamp5d_lib\s5d_m0\Release\libs5d_m0.a(vs_interaction.o) (vs_gui_context)
D:\SCAMP\scamp5d_lib\s5d_m0\Release\libs5d_m0.a(vs_interaction_gui.o)
                              D:\SCAMP\scamp5d_lib\s5d_m0\Release\libs5d_m0.a(vs_interaction.o) (vs_gui_script::push_all())
D:\SCAMP\scamp5d_lib\s5d_m0\Release\libs5d_m0.a(vs_interaction_request.o)
                              D:\SCAMP\scamp5d_lib\s5d_m0\Release\libs5d_m0.a(vs_interaction.o) (vs_gui_process_request())
D:\SCAMP\scamp5d_lib\s5d_m0\Release\libs5d_m0.a(vs_ipc.m0.o)
                              D:\SCAMP\scamp5d_lib\s5d_m0\Release\libs5d_m0.a(scamp5_output_aout.o) (vs_ipc)
D:\SCAMP\scamp5d_lib\s5d_m0\Release\libs5d_m0.a(vs_m0.o)
                              ./src/scamp5_main.o (vs_init())
D:\SCAMP\scamp5d_lib\s5d_m0\Release\libs5d_m0.a(vs_post.m0.o)
                              D:\SCAMP\scamp5d_lib\s5d_m0\Release\libs5d_m0.a(vs_interaction_request.o) (post_channel)
D:\SCAMP\scamp5d_lib\s5d_m0\Release\libs5d_m0.a(vs_scamp5.o)
                              D:\SCAMP\scamp5d_lib\s5d_m0\Release\libs5d_m0.a(vs_interaction_request.o) (vs_vision_chip_rest())
D:\SCAMP\scamp5d_lib\s5d_m0\Release\libs5d_m0.a(cr_cpp_config.o)
                              D:\SCAMP\scamp5d_lib\s5d_m0\Release\libs5d_m0.a(vs_interaction.o) (operator new(unsigned int))
D:\SCAMP\scamp5d_lib\s5d_m0\Release\libs5d_m0.a(lpc4357_m0_scamp5.o)
                              D:\SCAMP\scamp5d_lib\s5d_m0\Release\libs5d_m0.a(vs_scamp5.o) (s5d_init_scamp5)
D:\SCAMP\scamp5d_lib\s5d_m0\Release\libs5d_m0.a(scamp5_api_analog_dac.o)
                              D:\SCAMP\scamp5d_lib\s5d_m0\Release\libs5d_m0.a(vs_scamp5.o) (scamp5_load_dac(areg_t const&, unsigned short, areg_t const&))
D:\SCAMP\scamp5d_lib\s5d_m0\Release\libs5d_m0.a(scamp5_api_global.o)
                              D:\SCAMP\scamp5d_lib\s5d_m0\Release\libs5d_m0.a(vs_scamp5.o) (scamp5_global_sum_64(areg_t const&, unsigned char*))
D:\SCAMP\scamp5d_lib\s5d_m0\Release\libs5d_m0.a(scamp5_icw.o)
                              D:\SCAMP\scamp5d_lib\s5d_m0\Release\libs5d_m0.a(scamp5_api_global.o) (const_icw_gstart_gstop)
D:\SCAMP\scamp5d_lib\s5d_m0\Release\libs5d_m0.a(scamp5_output_aout_scan.o)
                              D:\SCAMP\scamp5d_lib\s5d_m0\Release\libs5d_m0.a(vs_scamp5.o) (scamp5_scan_areg_8x8(aref_t const&, unsigned char*))
D:\SCAMP\scamp5d_lib\s5d_m0\Release\libs5d_m0.a(vs_frame_trigger.o)
                              D:\SCAMP\scamp5d_lib\s5d_m0\Release\libs5d_m0.a(vs_m0.o) (vs_configure_frame_trigger(unsigned short, int))
D:\SCAMP\scamp5d_lib\s5d_m0\Release\libs5d_m0.a(vs_import_c.o)
                              D:\SCAMP\scamp5d_lib\s5d_m0\Release\libs5d_m0.a(vs_m0.o) (vs_led_on)
D:/MCUXpressoIDE/ide/plugins/com.nxp.mcuxpresso.tools.win32_25.6.0.202501151204/tools/bin/../lib/gcc/arm-none-eabi/14.2.1/thumb/v6-m/nofp\libgcc.a(_thumb1_case_uqi.o)
                              D:\SCAMP\scamp5d_lib\s5d_m0\Release\libs5d_m0.a(vs_interaction.o) (__gnu_thumb1_case_uqi)
D:/MCUXpressoIDE/ide/plugins/com.nxp.mcuxpresso.tools.win32_25.6.0.202501151204/tools/bin/../lib/gcc/arm-none-eabi/14.2.1/thumb/v6-m/nofp\libgcc.a(_udivsi3.o)
                              D:\SCAMP\scamp5d_lib\s5d_m0\Release\libs5d_m0.a(vs_import.o) (__aeabi_uidiv)
D:/MCUXpressoIDE/ide/plugins/com.nxp.mcuxpresso.tools.win32_25.6.0.202501151204/tools/bin/../lib/gcc/arm-none-eabi/14.2.1/thumb/v6-m/nofp\libgcc.a(_divsi3.o)
                              D:\SCAMP\scamp5d_lib\s5d_m0\Release\libs5d_m0.a(scamp5_output_aout.o) (__aeabi_idiv)
D:/MCUXpressoIDE/ide/plugins/com.nxp.mcuxpresso.tools.win32_25.6.0.202501151204/tools/bin/../lib/gcc/arm-none-eabi/14.2.1/thumb/v6-m/nofp\libgcc.a(_dvmd_tls.o)
                              D:/MCUXpressoIDE/ide/plugins/com.nxp.mcuxpresso.tools.win32_25.6.0.202501151204/tools/bin/../lib/gcc/arm-none-eabi/14.2.1/thumb/v6-m/nofp\libgcc.a(_udivsi3.o) (__aeabi_idiv0)
D:/MCUXpressoIDE/ide/plugins/com.nxp.mcuxpresso.tools.win32_25.6.0.202501151204/tools/bin/../lib/gcc/arm-none-eabi/14.2.1/thumb/v6-m/nofp\libc.a(libc_a-malloc.o)
                              D:\SCAMP\scamp5d_lib\s5d_m0\Release\libs5d_m0.a(cr_cpp_config.o) (malloc)
D:/MCUXpressoIDE/ide/plugins/com.nxp.mcuxpresso.tools.win32_25.6.0.202501151204/tools/bin/../lib/gcc/arm-none-eabi/14.2.1/thumb/v6-m/nofp\libc.a(libc_a-mallocr.o)
                              D:/MCUXpressoIDE/ide/plugins/com.nxp.mcuxpresso.tools.win32_25.6.0.202501151204/tools/bin/../lib/gcc/arm-none-eabi/14.2.1/thumb/v6-m/nofp\libc.a(libc_a-malloc.o) (_malloc_r)
D:/MCUXpressoIDE/ide/plugins/com.nxp.mcuxpresso.tools.win32_25.6.0.202501151204/tools/bin/../lib/gcc/arm-none-eabi/14.2.1/thumb/v6-m/nofp\libc.a(libc_a-mlock.o)
                              D:/MCUXpressoIDE/ide/plugins/com.nxp.mcuxpresso.tools.win32_25.6.0.202501151204/tools/bin/../lib/gcc/arm-none-eabi/14.2.1/thumb/v6-m/nofp\libc.a(libc_a-mallocr.o) (__malloc_lock)
D:/MCUXpressoIDE/ide/plugins/com.nxp.mcuxpresso.tools.win32_25.6.0.202501151204/tools/bin/../lib/gcc/arm-none-eabi/14.2.1/thumb/v6-m/nofp\libc.a(libc_a-snprintf.o)
                              D:\SCAMP\scamp5d_lib\s5d_m0\Release\libs5d_m0.a(scamp5_output.o) (snprintf)
D:/MCUXpressoIDE/ide/plugins/com.nxp.mcuxpresso.tools.win32_25.6.0.202501151204/tools/bin/../lib/gcc/arm-none-eabi/14.2.1/thumb/v6-m/nofp\libc.a(libc_a-vsnprintf.o)
                              D:\SCAMP\scamp5d_lib\s5d_m0\Release\libs5d_m0.a(vs_post.m0.o) (vsnprintf)
D:/MCUXpressoIDE/ide/plugins/com.nxp.mcuxpresso.tools.win32_25.6.0.202501151204/tools/bin/../lib/gcc/arm-none-eabi/14.2.1/thumb/v6-m/nofp\libc.a(libc_a-memmove.o)
                              D:\SCAMP\scamp5d_lib\s5d_m0\Release\libs5d_m0.a(vs_interaction_gui.o) (memmove)
D:/MCUXpressoIDE/ide/plugins/com.nxp.mcuxpresso.tools.win32_25.6.0.202501151204/tools/bin/../lib/gcc/arm-none-eabi/14.2.1/thumb/v6-m/nofp\libc.a(libc_a-memset.o)
                              ./src/scamp5_main.o (memset)
D:/MCUXpressoIDE/ide/plugins/com.nxp.mcuxpresso.tools.win32_25.6.0.202501151204/tools/bin/../lib/gcc/arm-none-eabi/14.2.1/thumb/v6-m/nofp\libc.a(libc_a-strncpy.o)
                              D:\SCAMP\scamp5d_lib\s5d_m0\Release\libs5d_m0.a(vs_interaction.o) (strncpy)
D:/MCUXpressoIDE/ide/plugins/com.nxp.mcuxpresso.tools.win32_25.6.0.202501151204/tools/bin/../lib/gcc/arm-none-eabi/14.2.1/thumb/v6-m/nofp\libc.a(libc_a-impure.o)
                              D:/MCUXpressoIDE/ide/plugins/com.nxp.mcuxpresso.tools.win32_25.6.0.202501151204/tools/bin/../lib/gcc/arm-none-eabi/14.2.1/thumb/v6-m/nofp\libc.a(libc_a-malloc.o) (_impure_ptr)
D:/MCUXpressoIDE/ide/plugins/com.nxp.mcuxpresso.tools.win32_25.6.0.202501151204/tools/bin/../lib/gcc/arm-none-eabi/14.2.1/thumb/v6-m/nofp\libc.a(libc_a-sbrkr.o)
                              D:/MCUXpressoIDE/ide/plugins/com.nxp.mcuxpresso.tools.win32_25.6.0.202501151204/tools/bin/../lib/gcc/arm-none-eabi/14.2.1/thumb/v6-m/nofp\libc.a(libc_a-mallocr.o) (_sbrk_r)
D:/MCUXpressoIDE/ide/plugins/com.nxp.mcuxpresso.tools.win32_25.6.0.202501151204/tools/bin/../lib/gcc/arm-none-eabi/14.2.1/thumb/v6-m/nofp\libc.a(libc_a-init.o)
                              D:\SCAMP\scamp5d_lib\s5d_m0\Release\libs5d_m0.a(cr_startup_lpc43xx-m0app.o) (__libc_init_array)
D:/MCUXpressoIDE/ide/plugins/com.nxp.mcuxpresso.tools.win32_25.6.0.202501151204/tools/bin/../lib/gcc/arm-none-eabi/14.2.1/thumb/v6-m/nofp\libc.a(libc_a-lock.o)
                              D:/MCUXpressoIDE/ide/plugins/com.nxp.mcuxpresso.tools.win32_25.6.0.202501151204/tools/bin/../lib/gcc/arm-none-eabi/14.2.1/thumb/v6-m/nofp\libc.a(libc_a-mlock.o) (__retarget_lock_acquire_recursive)
D:/MCUXpressoIDE/ide/plugins/com.nxp.mcuxpresso.tools.win32_25.6.0.202501151204/tools/bin/../lib/gcc/arm-none-eabi/14.2.1/thumb/v6-m/nofp\libc.a(libc_a-sysconf.o)
                              D:/MCUXpressoIDE/ide/plugins/com.nxp.mcuxpresso.tools.win32_25.6.0.202501151204/tools/bin/../lib/gcc/arm-none-eabi/14.2.1/thumb/v6-m/nofp\libc.a(libc_a-mallocr.o) (sysconf)
D:/MCUXpressoIDE/ide/plugins/com.nxp.mcuxpresso.tools.win32_25.6.0.202501151204/tools/bin/../lib/gcc/arm-none-eabi/14.2.1/thumb/v6-m/nofp\libc.a(libc_a-memcpy-stub.o)
                              D:\SCAMP\scamp5d_lib\s5d_m0\Release\libs5d_m0.a(vs_import.o) (memcpy)
D:/MCUXpressoIDE/ide/plugins/com.nxp.mcuxpresso.tools.win32_25.6.0.202501151204/tools/bin/../lib/gcc/arm-none-eabi/14.2.1/thumb/v6-m/nofp\libc.a(libc_a-strlen-stub.o)
                              D:\SCAMP\scamp5d_lib\s5d_m0\Release\libs5d_m0.a(vs_interaction.o) (strlen)
D:/MCUXpressoIDE/ide/plugins/com.nxp.mcuxpresso.tools.win32_25.6.0.202501151204/tools/bin/../lib/gcc/arm-none-eabi/14.2.1/thumb/v6-m/nofp\libc.a(libc_a-freer.o)
                              D:/MCUXpressoIDE/ide/plugins/com.nxp.mcuxpresso.tools.win32_25.6.0.202501151204/tools/bin/../lib/gcc/arm-none-eabi/14.2.1/thumb/v6-m/nofp\libc.a(libc_a-malloc.o) (_free_r)
D:/MCUXpressoIDE/ide/plugins/com.nxp.mcuxpresso.tools.win32_25.6.0.202501151204/tools/bin/../lib/gcc/arm-none-eabi/14.2.1/thumb/v6-m/nofp\libc.a(libc_a-svfprintf.o)
                              D:/MCUXpressoIDE/ide/plugins/com.nxp.mcuxpresso.tools.win32_25.6.0.202501151204/tools/bin/../lib/gcc/arm-none-eabi/14.2.1/thumb/v6-m/nofp\libc.a(libc_a-snprintf.o) (_svfprintf_r)
D:/MCUXpressoIDE/ide/plugins/com.nxp.mcuxpresso.tools.win32_25.6.0.202501151204/tools/bin/../lib/gcc/arm-none-eabi/14.2.1/thumb/v6-m/nofp\libc.a(libc_a-ssprint_r.o)
                              D:/MCUXpressoIDE/ide/plugins/com.nxp.mcuxpresso.tools.win32_25.6.0.202501151204/tools/bin/../lib/gcc/arm-none-eabi/14.2.1/thumb/v6-m/nofp\libc.a(libc_a-svfprintf.o) (__ssprint_r)
D:/MCUXpressoIDE/ide/plugins/com.nxp.mcuxpresso.tools.win32_25.6.0.202501151204/tools/bin/../lib/gcc/arm-none-eabi/14.2.1/thumb/v6-m/nofp\libc.a(libc_a-findfp.o)
                              D:/MCUXpressoIDE/ide/plugins/com.nxp.mcuxpresso.tools.win32_25.6.0.202501151204/tools/bin/../lib/gcc/arm-none-eabi/14.2.1/thumb/v6-m/nofp\libc.a(libc_a-impure.o) (__sf)
D:/MCUXpressoIDE/ide/plugins/com.nxp.mcuxpresso.tools.win32_25.6.0.202501151204/tools/bin/../lib/gcc/arm-none-eabi/14.2.1/thumb/v6-m/nofp\libc.a(libc_a-fwalk.o)
                              D:/MCUXpressoIDE/ide/plugins/com.nxp.mcuxpresso.tools.win32_25.6.0.202501151204/tools/bin/../lib/gcc/arm-none-eabi/14.2.1/thumb/v6-m/nofp\libc.a(libc_a-findfp.o) (_fwalk_sglue)
D:/MCUXpressoIDE/ide/plugins/com.nxp.mcuxpresso.tools.win32_25.6.0.202501151204/tools/bin/../lib/gcc/arm-none-eabi/14.2.1/thumb/v6-m/nofp\libc.a(libc_a-stdio.o)
                              D:/MCUXpressoIDE/ide/plugins/com.nxp.mcuxpresso.tools.win32_25.6.0.202501151204/tools/bin/../lib/gcc/arm-none-eabi/14.2.1/thumb/v6-m/nofp\libc.a(libc_a-findfp.o) (__sread)
D:/MCUXpressoIDE/ide/plugins/com.nxp.mcuxpresso.tools.win32_25.6.0.202501151204/tools/bin/../lib/gcc/arm-none-eabi/14.2.1/thumb/v6-m/nofp\libc.a(libc_a-locale.o)
                              D:/MCUXpressoIDE/ide/plugins/com.nxp.mcuxpresso.tools.win32_25.6.0.202501151204/tools/bin/../lib/gcc/arm-none-eabi/14.2.1/thumb/v6-m/nofp\libc.a(libc_a-svfprintf.o) (__global_locale)
D:/MCUXpressoIDE/ide/plugins/com.nxp.mcuxpresso.tools.win32_25.6.0.202501151204/tools/bin/../lib/gcc/arm-none-eabi/14.2.1/thumb/v6-m/nofp\libc.a(libc_a-localeconv.o)
                              D:/MCUXpressoIDE/ide/plugins/com.nxp.mcuxpresso.tools.win32_25.6.0.202501151204/tools/bin/../lib/gcc/arm-none-eabi/14.2.1/thumb/v6-m/nofp\libc.a(libc_a-svfprintf.o) (_localeconv_r)
D:/MCUXpressoIDE/ide/plugins/com.nxp.mcuxpresso.tools.win32_25.6.0.202501151204/tools/bin/../lib/gcc/arm-none-eabi/14.2.1/thumb/v6-m/nofp\libc.a(libc_a-closer.o)
                              D:/MCUXpressoIDE/ide/plugins/com.nxp.mcuxpresso.tools.win32_25.6.0.202501151204/tools/bin/../lib/gcc/arm-none-eabi/14.2.1/thumb/v6-m/nofp\libc.a(libc_a-stdio.o) (_close_r)
D:/MCUXpressoIDE/ide/plugins/com.nxp.mcuxpresso.tools.win32_25.6.0.202501151204/tools/bin/../lib/gcc/arm-none-eabi/14.2.1/thumb/v6-m/nofp\libc.a(libc_a-reent.o)
                              D:/MCUXpressoIDE/ide/plugins/com.nxp.mcuxpresso.tools.win32_25.6.0.202501151204/tools/bin/../lib/gcc/arm-none-eabi/14.2.1/thumb/v6-m/nofp\libc.a(libc_a-sbrkr.o) (errno)
D:/MCUXpressoIDE/ide/plugins/com.nxp.mcuxpresso.tools.win32_25.6.0.202501151204/tools/bin/../lib/gcc/arm-none-eabi/14.2.1/thumb/v6-m/nofp\libc.a(libc_a-lseekr.o)
                              D:/MCUXpressoIDE/ide/plugins/com.nxp.mcuxpresso.tools.win32_25.6.0.202501151204/tools/bin/../lib/gcc/arm-none-eabi/14.2.1/thumb/v6-m/nofp\libc.a(libc_a-stdio.o) (_lseek_r)
D:/MCUXpressoIDE/ide/plugins/com.nxp.mcuxpresso.tools.win32_25.6.0.202501151204/tools/bin/../lib/gcc/arm-none-eabi/14.2.1/thumb/v6-m/nofp\libc.a(libc_a-readr.o)
                              D:/MCUXpressoIDE/ide/plugins/com.nxp.mcuxpresso.tools.win32_25.6.0.202501151204/tools/bin/../lib/gcc/arm-none-eabi/14.2.1/thumb/v6-m/nofp\libc.a(libc_a-stdio.o) (_read_r)
D:/MCUXpressoIDE/ide/plugins/com.nxp.mcuxpresso.tools.win32_25.6.0.202501151204/tools/bin/../lib/gcc/arm-none-eabi/14.2.1/thumb/v6-m/nofp\libc.a(libc_a-writer.o)
                              D:/MCUXpressoIDE/ide/plugins/com.nxp.mcuxpresso.tools.win32_25.6.0.202501151204/tools/bin/../lib/gcc/arm-none-eabi/14.2.1/thumb/v6-m/nofp\libc.a(libc_a-stdio.o) (_write_r)
D:/MCUXpressoIDE/ide/plugins/com.nxp.mcuxpresso.tools.win32_25.6.0.202501151204/tools/bin/../lib/gcc/arm-none-eabi/14.2.1/thumb/v6-m/nofp\libc.a(libc_a-errno.o)
                              D:/MCUXpressoIDE/ide/plugins/com.nxp.mcuxpresso.tools.win32_25.6.0.202501151204/tools/bin/../lib/gcc/arm-none-eabi/14.2.1/thumb/v6-m/nofp\libc.a(libc_a-sysconf.o) (__errno)
D:/MCUXpressoIDE/ide/plugins/com.nxp.mcuxpresso.tools.win32_25.6.0.202501151204/tools/bin/../lib/gcc/arm-none-eabi/14.2.1/thumb/v6-m/nofp\libc.a(libc_a-strcmp.o)
                              D:/MCUXpressoIDE/ide/plugins/com.nxp.mcuxpresso.tools.win32_25.6.0.202501151204/tools/bin/../lib/gcc/arm-none-eabi/14.2.1/thumb/v6-m/nofp\libc.a(libc_a-locale.o) (strcmp)
D:/MCUXpressoIDE/ide/plugins/com.nxp.mcuxpresso.tools.win32_25.6.0.202501151204/tools/bin/../lib/gcc/arm-none-eabi/14.2.1/thumb/v6-m/nofp\libc.a(libc_a-strcpy.o)
                              D:/MCUXpressoIDE/ide/plugins/com.nxp.mcuxpresso.tools.win32_25.6.0.202501151204/tools/bin/../lib/gcc/arm-none-eabi/14.2.1/thumb/v6-m/nofp\libc.a(libc_a-locale.o) (strcpy)
D:/MCUXpressoIDE/ide/plugins/com.nxp.mcuxpresso.tools.win32_25.6.0.202501151204/tools/bin/../lib/gcc/arm-none-eabi/14.2.1/thumb/v6-m/nofp\libc.a(libc_a-memchr-stub.o)
                              D:/MCUXpressoIDE/ide/plugins/com.nxp.mcuxpresso.tools.win32_25.6.0.202501151204/tools/bin/../lib/gcc/arm-none-eabi/14.2.1/thumb/v6-m/nofp\libc.a(libc_a-svfprintf.o) (memchr)
D:/MCUXpressoIDE/ide/plugins/com.nxp.mcuxpresso.tools.win32_25.6.0.202501151204/tools/bin/../lib/gcc/arm-none-eabi/14.2.1/thumb/v6-m/nofp\libc.a(libm_a-s_frexp.o)
                              D:/MCUXpressoIDE/ide/plugins/com.nxp.mcuxpresso.tools.win32_25.6.0.202501151204/tools/bin/../lib/gcc/arm-none-eabi/14.2.1/thumb/v6-m/nofp\libc.a(libc_a-svfprintf.o) (frexp)
D:/MCUXpressoIDE/ide/plugins/com.nxp.mcuxpresso.tools.win32_25.6.0.202501151204/tools/bin/../lib/gcc/arm-none-eabi/14.2.1/thumb/v6-m/nofp\libc.a(libc_a-dtoa.o)
                              D:/MCUXpressoIDE/ide/plugins/com.nxp.mcuxpresso.tools.win32_25.6.0.202501151204/tools/bin/../lib/gcc/arm-none-eabi/14.2.1/thumb/v6-m/nofp\libc.a(libc_a-svfprintf.o) (_dtoa_r)
D:/MCUXpressoIDE/ide/plugins/com.nxp.mcuxpresso.tools.win32_25.6.0.202501151204/tools/bin/../lib/gcc/arm-none-eabi/14.2.1/thumb/v6-m/nofp\libc.a(libc_a-getenv_r.o)
                              D:/MCUXpressoIDE/ide/plugins/com.nxp.mcuxpresso.tools.win32_25.6.0.202501151204/tools/bin/../lib/gcc/arm-none-eabi/14.2.1/thumb/v6-m/nofp\libc.a(libc_a-locale.o) (_getenv_r)
D:/MCUXpressoIDE/ide/plugins/com.nxp.mcuxpresso.tools.win32_25.6.0.202501151204/tools/bin/../lib/gcc/arm-none-eabi/14.2.1/thumb/v6-m/nofp\libc.a(libc_a-mbtowc_r.o)
                              D:/MCUXpressoIDE/ide/plugins/com.nxp.mcuxpresso.tools.win32_25.6.0.202501151204/tools/bin/../lib/gcc/arm-none-eabi/14.2.1/thumb/v6-m/nofp\libc.a(libc_a-locale.o) (__ascii_mbtowc)
D:/MCUXpressoIDE/ide/plugins/com.nxp.mcuxpresso.tools.win32_25.6.0.202501151204/tools/bin/../lib/gcc/arm-none-eabi/14.2.1/thumb/v6-m/nofp\libc.a(libc_a-mprec.o)
                              D:/MCUXpressoIDE/ide/plugins/com.nxp.mcuxpresso.tools.win32_25.6.0.202501151204/tools/bin/../lib/gcc/arm-none-eabi/14.2.1/thumb/v6-m/nofp\libc.a(libc_a-dtoa.o) (_Balloc)
D:/MCUXpressoIDE/ide/plugins/com.nxp.mcuxpresso.tools.win32_25.6.0.202501151204/tools/bin/../lib/gcc/arm-none-eabi/14.2.1/thumb/v6-m/nofp\libc.a(libc_a-strtol.o)
                              D:/MCUXpressoIDE/ide/plugins/com.nxp.mcuxpresso.tools.win32_25.6.0.202501151204/tools/bin/../lib/gcc/arm-none-eabi/14.2.1/thumb/v6-m/nofp\libc.a(libc_a-locale.o) (strtol)
D:/MCUXpressoIDE/ide/plugins/com.nxp.mcuxpresso.tools.win32_25.6.0.202501151204/tools/bin/../lib/gcc/arm-none-eabi/14.2.1/thumb/v6-m/nofp\libc.a(libc_a-wctomb_r.o)
                              D:/MCUXpressoIDE/ide/plugins/com.nxp.mcuxpresso.tools.win32_25.6.0.202501151204/tools/bin/../lib/gcc/arm-none-eabi/14.2.1/thumb/v6-m/nofp\libc.a(libc_a-locale.o) (__ascii_wctomb)
D:/MCUXpressoIDE/ide/plugins/com.nxp.mcuxpresso.tools.win32_25.6.0.202501151204/tools/bin/../lib/gcc/arm-none-eabi/14.2.1/thumb/v6-m/nofp\libc.a(libc_a-wcrtomb.o)
                              D:/MCUXpressoIDE/ide/plugins/com.nxp.mcuxpresso.tools.win32_25.6.0.202501151204/tools/bin/../lib/gcc/arm-none-eabi/14.2.1/thumb/v6-m/nofp\libc.a(libc_a-svfprintf.o) (_wcrtomb_r)
D:/MCUXpressoIDE/ide/plugins/com.nxp.mcuxpresso.tools.win32_25.6.0.202501151204/tools/bin/../lib/gcc/arm-none-eabi/14.2.1/thumb/v6-m/nofp\libc.a(libc_a-wcsrtombs.o)
                              D:/MCUXpressoIDE/ide/plugins/com.nxp.mcuxpresso.tools.win32_25.6.0.202501151204/tools/bin/../lib/gcc/arm-none-eabi/14.2.1/thumb/v6-m/nofp\libc.a(libc_a-svfprintf.o) (_wcsrtombs_r)
D:/MCUXpressoIDE/ide/plugins/com.nxp.mcuxpresso.tools.win32_25.6.0.202501151204/tools/bin/../lib/gcc/arm-none-eabi/14.2.1/thumb/v6-m/nofp\libc.a(libc_a-ctype_.o)
                              D:/MCUXpressoIDE/ide/plugins/com.nxp.mcuxpresso.tools.win32_25.6.0.202501151204/tools/bin/../lib/gcc/arm-none-eabi/14.2.1/thumb/v6-m/nofp\libc.a(libc_a-locale.o) (__set_ctype)
D:/MCUXpressoIDE/ide/plugins/com.nxp.mcuxpresso.tools.win32_25.6.0.202501151204/tools/bin/../lib/gcc/arm-none-eabi/14.2.1/thumb/v6-m/nofp\libc.a(libc_a-ssputs_r.o)
                              D:/MCUXpressoIDE/ide/plugins/com.nxp.mcuxpresso.tools.win32_25.6.0.202501151204/tools/bin/../lib/gcc/arm-none-eabi/14.2.1/thumb/v6-m/nofp\libc.a(libc_a-ssprint_r.o) (__ssputs_r)
D:/MCUXpressoIDE/ide/plugins/com.nxp.mcuxpresso.tools.win32_25.6.0.202501151204/tools/bin/../lib/gcc/arm-none-eabi/14.2.1/thumb/v6-m/nofp\libc.a(libc_a-fclose.o)
                              D:/MCUXpressoIDE/ide/plugins/com.nxp.mcuxpresso.tools.win32_25.6.0.202501151204/tools/bin/../lib/gcc/arm-none-eabi/14.2.1/thumb/v6-m/nofp\libc.a(libc_a-findfp.o) (_fclose_r)
D:/MCUXpressoIDE/ide/plugins/com.nxp.mcuxpresso.tools.win32_25.6.0.202501151204/tools/bin/../lib/gcc/arm-none-eabi/14.2.1/thumb/v6-m/nofp\libc.a(libc_a-fflush.o)
                              D:/MCUXpressoIDE/ide/plugins/com.nxp.mcuxpresso.tools.win32_25.6.0.202501151204/tools/bin/../lib/gcc/arm-none-eabi/14.2.1/thumb/v6-m/nofp\libc.a(libc_a-fclose.o) (__sflush_r)
D:/MCUXpressoIDE/ide/plugins/com.nxp.mcuxpresso.tools.win32_25.6.0.202501151204/tools/bin/../lib/gcc/arm-none-eabi/14.2.1/thumb/v6-m/nofp\libc.a(libc_a-strcasecmp.o)
                              D:/MCUXpressoIDE/ide/plugins/com.nxp.mcuxpresso.tools.win32_25.6.0.202501151204/tools/bin/../lib/gcc/arm-none-eabi/14.2.1/thumb/v6-m/nofp\libc.a(libc_a-locale.o) (strcasecmp)
D:/MCUXpressoIDE/ide/plugins/com.nxp.mcuxpresso.tools.win32_25.6.0.202501151204/tools/bin/../lib/gcc/arm-none-eabi/14.2.1/thumb/v6-m/nofp\libc.a(libc_a-strcat.o)
                              D:/MCUXpressoIDE/ide/plugins/com.nxp.mcuxpresso.tools.win32_25.6.0.202501151204/tools/bin/../lib/gcc/arm-none-eabi/14.2.1/thumb/v6-m/nofp\libc.a(libc_a-locale.o) (strcat)
D:/MCUXpressoIDE/ide/plugins/com.nxp.mcuxpresso.tools.win32_25.6.0.202501151204/tools/bin/../lib/gcc/arm-none-eabi/14.2.1/thumb/v6-m/nofp\libc.a(libc_a-strchr.o)
                              D:/MCUXpressoIDE/ide/plugins/com.nxp.mcuxpresso.tools.win32_25.6.0.202501151204/tools/bin/../lib/gcc/arm-none-eabi/14.2.1/thumb/v6-m/nofp\libc.a(libc_a-locale.o) (strchr)
D:/MCUXpressoIDE/ide/plugins/com.nxp.mcuxpresso.tools.win32_25.6.0.202501151204/tools/bin/../lib/gcc/arm-none-eabi/14.2.1/thumb/v6-m/nofp\libc.a(libc_a-strlcpy.o)
                              D:/MCUXpressoIDE/ide/plugins/com.nxp.mcuxpresso.tools.win32_25.6.0.202501151204/tools/bin/../lib/gcc/arm-none-eabi/14.2.1/thumb/v6-m/nofp\libc.a(libc_a-locale.o) (strlcpy)
D:/MCUXpressoIDE/ide/plugins/com.nxp.mcuxpresso.tools.win32_25.6.0.202501151204/tools/bin/../lib/gcc/arm-none-eabi/14.2.1/thumb/v6-m/nofp\libc.a(libc_a-strncasecmp.o)
                              D:/MCUXpressoIDE/ide/plugins/com.nxp.mcuxpresso.tools.win32_25.6.0.202501151204/tools/bin/../lib/gcc/arm-none-eabi/14.2.1/thumb/v6-m/nofp\libc.a(libc_a-locale.o) (strncasecmp)
D:/MCUXpressoIDE/ide/plugins/com.nxp.mcuxpresso.tools.win32_25.6.0.202501151204/tools/bin/../lib/gcc/arm-none-eabi/14.2.1/thumb/v6-m/nofp\libc.a(libc_a-strncmp.o)
                              D:/MCUXpressoIDE/ide/plugins/com.nxp.mcuxpresso.tools.win32_25.6.0.202501151204/tools/bin/../lib/gcc/arm-none-eabi/14.2.1/thumb/v6-m/nofp\libc.a(libc_a-getenv_r.o) (strncmp)
D:/MCUXpressoIDE/ide/plugins/com.nxp.mcuxpresso.tools.win32_25.6.0.202501151204/tools/bin/../lib/gcc/arm-none-eabi/14.2.1/thumb/v6-m/nofp\libc.a(libc_a-assert.o)
                              D:/MCUXpressoIDE/ide/plugins/com.nxp.mcuxpresso.tools.win32_25.6.0.202501151204/tools/bin/../lib/gcc/arm-none-eabi/14.2.1/thumb/v6-m/nofp\libc.a(libc_a-dtoa.o) (__assert_func)
D:/MCUXpressoIDE/ide/plugins/com.nxp.mcuxpresso.tools.win32_25.6.0.202501151204/tools/bin/../lib/gcc/arm-none-eabi/14.2.1/thumb/v6-m/nofp\libc.a(libc_a-callocr.o)
                              D:/MCUXpressoIDE/ide/plugins/com.nxp.mcuxpresso.tools.win32_25.6.0.202501151204/tools/bin/../lib/gcc/arm-none-eabi/14.2.1/thumb/v6-m/nofp\libc.a(libc_a-mprec.o) (_calloc_r)
D:/MCUXpressoIDE/ide/plugins/com.nxp.mcuxpresso.tools.win32_25.6.0.202501151204/tools/bin/../lib/gcc/arm-none-eabi/14.2.1/thumb/v6-m/nofp\libc.a(libc_a-environ.o)
                              D:/MCUXpressoIDE/ide/plugins/com.nxp.mcuxpresso.tools.win32_25.6.0.202501151204/tools/bin/../lib/gcc/arm-none-eabi/14.2.1/thumb/v6-m/nofp\libc.a(libc_a-getenv_r.o) (environ)
D:/MCUXpressoIDE/ide/plugins/com.nxp.mcuxpresso.tools.win32_25.6.0.202501151204/tools/bin/../lib/gcc/arm-none-eabi/14.2.1/thumb/v6-m/nofp\libc.a(libc_a-envlock.o)
                              D:/MCUXpressoIDE/ide/plugins/com.nxp.mcuxpresso.tools.win32_25.6.0.202501151204/tools/bin/../lib/gcc/arm-none-eabi/14.2.1/thumb/v6-m/nofp\libc.a(libc_a-getenv_r.o) (__env_lock)
D:/MCUXpressoIDE/ide/plugins/com.nxp.mcuxpresso.tools.win32_25.6.0.202501151204/tools/bin/../lib/gcc/arm-none-eabi/14.2.1/thumb/v6-m/nofp\libc.a(libc_a-reallocr.o)
                              D:/MCUXpressoIDE/ide/plugins/com.nxp.mcuxpresso.tools.win32_25.6.0.202501151204/tools/bin/../lib/gcc/arm-none-eabi/14.2.1/thumb/v6-m/nofp\libc.a(libc_a-ssputs_r.o) (_realloc_r)
D:/MCUXpressoIDE/ide/plugins/com.nxp.mcuxpresso.tools.win32_25.6.0.202501151204/tools/bin/../lib/gcc/arm-none-eabi/14.2.1/thumb/v6-m/nofp\libc.a(libc_a-wcsnrtombs.o)
                              D:/MCUXpressoIDE/ide/plugins/com.nxp.mcuxpresso.tools.win32_25.6.0.202501151204/tools/bin/../lib/gcc/arm-none-eabi/14.2.1/thumb/v6-m/nofp\libc.a(libc_a-wcsrtombs.o) (_wcsnrtombs_r)
D:/MCUXpressoIDE/ide/plugins/com.nxp.mcuxpresso.tools.win32_25.6.0.202501151204/tools/bin/../lib/gcc/arm-none-eabi/14.2.1/thumb/v6-m/nofp\libc.a(libc_a-fiprintf.o)
                              D:/MCUXpressoIDE/ide/plugins/com.nxp.mcuxpresso.tools.win32_25.6.0.202501151204/tools/bin/../lib/gcc/arm-none-eabi/14.2.1/thumb/v6-m/nofp\libc.a(libc_a-assert.o) (fiprintf)
D:/MCUXpressoIDE/ide/plugins/com.nxp.mcuxpresso.tools.win32_25.6.0.202501151204/tools/bin/../lib/gcc/arm-none-eabi/14.2.1/thumb/v6-m/nofp\libc.a(libc_a-vfiprintf.o)
                              D:/MCUXpressoIDE/ide/plugins/com.nxp.mcuxpresso.tools.win32_25.6.0.202501151204/tools/bin/../lib/gcc/arm-none-eabi/14.2.1/thumb/v6-m/nofp\libc.a(libc_a-fiprintf.o) (_vfiprintf_r)
D:/MCUXpressoIDE/ide/plugins/com.nxp.mcuxpresso.tools.win32_25.6.0.202501151204/tools/bin/../lib/gcc/arm-none-eabi/14.2.1/thumb/v6-m/nofp\libc.a(libc_a-sprint_r.o)
                              D:/MCUXpressoIDE/ide/plugins/com.nxp.mcuxpresso.tools.win32_25.6.0.202501151204/tools/bin/../lib/gcc/arm-none-eabi/14.2.1/thumb/v6-m/nofp\libc.a(libc_a-vfiprintf.o) (__sprint_r)
D:/MCUXpressoIDE/ide/plugins/com.nxp.mcuxpresso.tools.win32_25.6.0.202501151204/tools/bin/../lib/gcc/arm-none-eabi/14.2.1/thumb/v6-m/nofp\libc.a(libc_a-fvwrite.o)
                              D:/MCUXpressoIDE/ide/plugins/com.nxp.mcuxpresso.tools.win32_25.6.0.202501151204/tools/bin/../lib/gcc/arm-none-eabi/14.2.1/thumb/v6-m/nofp\libc.a(libc_a-sprint_r.o) (__sfvwrite_r)
D:/MCUXpressoIDE/ide/plugins/com.nxp.mcuxpresso.tools.win32_25.6.0.202501151204/tools/bin/../lib/gcc/arm-none-eabi/14.2.1/thumb/v6-m/nofp\libc.a(libc_a-wsetup.o)
                              D:/MCUXpressoIDE/ide/plugins/com.nxp.mcuxpresso.tools.win32_25.6.0.202501151204/tools/bin/../lib/gcc/arm-none-eabi/14.2.1/thumb/v6-m/nofp\libc.a(libc_a-vfiprintf.o) (__swsetup_r)
D:/MCUXpressoIDE/ide/plugins/com.nxp.mcuxpresso.tools.win32_25.6.0.202501151204/tools/bin/../lib/gcc/arm-none-eabi/14.2.1/thumb/v6-m/nofp\libc.a(libc_a-abort.o)
                              D:/MCUXpressoIDE/ide/plugins/com.nxp.mcuxpresso.tools.win32_25.6.0.202501151204/tools/bin/../lib/gcc/arm-none-eabi/14.2.1/thumb/v6-m/nofp\libc.a(libc_a-assert.o) (abort)
D:/MCUXpressoIDE/ide/plugins/com.nxp.mcuxpresso.tools.win32_25.6.0.202501151204/tools/bin/../lib/gcc/arm-none-eabi/14.2.1/thumb/v6-m/nofp\libc.a(libc_a-makebuf.o)
                              D:/MCUXpressoIDE/ide/plugins/com.nxp.mcuxpresso.tools.win32_25.6.0.202501151204/tools/bin/../lib/gcc/arm-none-eabi/14.2.1/thumb/v6-m/nofp\libc.a(libc_a-wsetup.o) (__smakebuf_r)
D:/MCUXpressoIDE/ide/plugins/com.nxp.mcuxpresso.tools.win32_25.6.0.202501151204/tools/bin/../lib/gcc/arm-none-eabi/14.2.1/thumb/v6-m/nofp\libc.a(libc_a-signal.o)
                              D:/MCUXpressoIDE/ide/plugins/com.nxp.mcuxpresso.tools.win32_25.6.0.202501151204/tools/bin/../lib/gcc/arm-none-eabi/14.2.1/thumb/v6-m/nofp\libc.a(libc_a-abort.o) (raise)
D:/MCUXpressoIDE/ide/plugins/com.nxp.mcuxpresso.tools.win32_25.6.0.202501151204/tools/bin/../lib/gcc/arm-none-eabi/14.2.1/thumb/v6-m/nofp\libc.a(libc_a-fstatr.o)
                              D:/MCUXpressoIDE/ide/plugins/com.nxp.mcuxpresso.tools.win32_25.6.0.202501151204/tools/bin/../lib/gcc/arm-none-eabi/14.2.1/thumb/v6-m/nofp\libc.a(libc_a-makebuf.o) (_fstat_r)
D:/MCUXpressoIDE/ide/plugins/com.nxp.mcuxpresso.tools.win32_25.6.0.202501151204/tools/bin/../lib/gcc/arm-none-eabi/14.2.1/thumb/v6-m/nofp\libc.a(libc_a-isattyr.o)
                              D:/MCUXpressoIDE/ide/plugins/com.nxp.mcuxpresso.tools.win32_25.6.0.202501151204/tools/bin/../lib/gcc/arm-none-eabi/14.2.1/thumb/v6-m/nofp\libc.a(libc_a-makebuf.o) (_isatty_r)
D:/MCUXpressoIDE/ide/plugins/com.nxp.mcuxpresso.tools.win32_25.6.0.202501151204/tools/bin/../lib/gcc/arm-none-eabi/14.2.1/thumb/v6-m/nofp\libc.a(libc_a-signalr.o)
                              D:/MCUXpressoIDE/ide/plugins/com.nxp.mcuxpresso.tools.win32_25.6.0.202501151204/tools/bin/../lib/gcc/arm-none-eabi/14.2.1/thumb/v6-m/nofp\libc.a(libc_a-signal.o) (_kill_r)
D:/MCUXpressoIDE/ide/plugins/com.nxp.mcuxpresso.tools.win32_25.6.0.202501151204/tools/bin/../lib/gcc/arm-none-eabi/14.2.1/thumb/v6-m/nofp\libstdc++.a(del_ops.o)
                              D:\SCAMP\scamp5d_lib\s5d_m0\Release\libs5d_m0.a(vs_interaction.o) (operator delete(void*, unsigned int))
D:/MCUXpressoIDE/ide/plugins/com.nxp.mcuxpresso.tools.win32_25.6.0.202501151204/tools/bin/../lib/gcc/arm-none-eabi/14.2.1/thumb/v6-m/nofp\libstdc++.a(guard.o)
                              D:\SCAMP\scamp5d_lib\s5d_m0\Release\libs5d_m0.a(vs_scamp5.o) (__cxa_guard_acquire)
D:/MCUXpressoIDE/ide/plugins/com.nxp.mcuxpresso.tools.win32_25.6.0.202501151204/tools/bin/../lib/gcc/arm-none-eabi/14.2.1/thumb/v6-m/nofp\libstdc++.a(guard_error.o)
                              D:/MCUXpressoIDE/ide/plugins/com.nxp.mcuxpresso.tools.win32_25.6.0.202501151204/tools/bin/../lib/gcc/arm-none-eabi/14.2.1/thumb/v6-m/nofp\libstdc++.a(guard.o) (__gnu_cxx::recursive_init_error::~recursive_init_error())
D:/MCUXpressoIDE/ide/plugins/com.nxp.mcuxpresso.tools.win32_25.6.0.202501151204/tools/bin/../lib/gcc/arm-none-eabi/14.2.1/thumb/v6-m/nofp\libstdc++.a(si_class_type_info.o)
                              D:/MCUXpressoIDE/ide/plugins/com.nxp.mcuxpresso.tools.win32_25.6.0.202501151204/tools/bin/../lib/gcc/arm-none-eabi/14.2.1/thumb/v6-m/nofp\libstdc++.a(guard_error.o) (vtable for __cxxabiv1::__si_class_type_info)
D:/MCUXpressoIDE/ide/plugins/com.nxp.mcuxpresso.tools.win32_25.6.0.202501151204/tools/bin/../lib/gcc/arm-none-eabi/14.2.1/thumb/v6-m/nofp\libstdc++.a(tinfo.o)
                              D:/MCUXpressoIDE/ide/plugins/com.nxp.mcuxpresso.tools.win32_25.6.0.202501151204/tools/bin/../lib/gcc/arm-none-eabi/14.2.1/thumb/v6-m/nofp\libstdc++.a(si_class_type_info.o) (std::type_info::__is_pointer_p() const)
D:/MCUXpressoIDE/ide/plugins/com.nxp.mcuxpresso.tools.win32_25.6.0.202501151204/tools/bin/../lib/gcc/arm-none-eabi/14.2.1/thumb/v6-m/nofp\libstdc++.a(functexcept.o)
                              D:\SCAMP\scamp5d_lib\s5d_m0\Release\libs5d_m0.a(vs_interaction_gui.o) (std::__throw_bad_alloc())
D:/MCUXpressoIDE/ide/plugins/com.nxp.mcuxpresso.tools.win32_25.6.0.202501151204/tools/bin/../lib/gcc/arm-none-eabi/14.2.1/thumb/v6-m/nofp\libstdc++.a(functional.o)
                              D:\SCAMP\scamp5d_lib\s5d_m0\Release\libs5d_m0.a(scamp5_api_analog_imaging.o) (std::__throw_bad_function_call())
D:/MCUXpressoIDE/ide/plugins/com.nxp.mcuxpresso.tools.win32_25.6.0.202501151204/tools/bin/../lib/gcc/arm-none-eabi/14.2.1/thumb/v6-m/nofp\libstdc++.a(snprintf_lite.o)
                              D:/MCUXpressoIDE/ide/plugins/com.nxp.mcuxpresso.tools.win32_25.6.0.202501151204/tools/bin/../lib/gcc/arm-none-eabi/14.2.1/thumb/v6-m/nofp\libstdc++.a(functexcept.o) (__gnu_cxx::__snprintf_lite(char*, unsigned int, char const*, std::__va_list))
D:/MCUXpressoIDE/ide/plugins/com.nxp.mcuxpresso.tools.win32_25.6.0.202501151204/tools/bin/../lib/gcc/arm-none-eabi/14.2.1/thumb/v6-m/nofp\libstdc++.a(bad_alloc.o)
                              D:/MCUXpressoIDE/ide/plugins/com.nxp.mcuxpresso.tools.win32_25.6.0.202501151204/tools/bin/../lib/gcc/arm-none-eabi/14.2.1/thumb/v6-m/nofp\libstdc++.a(functexcept.o) (vtable for std::bad_alloc)
D:/MCUXpressoIDE/ide/plugins/com.nxp.mcuxpresso.tools.win32_25.6.0.202501151204/tools/bin/../lib/gcc/arm-none-eabi/14.2.1/thumb/v6-m/nofp\libstdc++.a(bad_array_new.o)
                              D:/MCUXpressoIDE/ide/plugins/com.nxp.mcuxpresso.tools.win32_25.6.0.202501151204/tools/bin/../lib/gcc/arm-none-eabi/14.2.1/thumb/v6-m/nofp\libstdc++.a(functexcept.o) (vtable for std::bad_array_new_length)
D:/MCUXpressoIDE/ide/plugins/com.nxp.mcuxpresso.tools.win32_25.6.0.202501151204/tools/bin/../lib/gcc/arm-none-eabi/14.2.1/thumb/v6-m/nofp\libstdc++.a(bad_cast.o)
                              D:/MCUXpressoIDE/ide/plugins/com.nxp.mcuxpresso.tools.win32_25.6.0.202501151204/tools/bin/../lib/gcc/arm-none-eabi/14.2.1/thumb/v6-m/nofp\libstdc++.a(functexcept.o) (vtable for std::bad_cast)
D:/MCUXpressoIDE/ide/plugins/com.nxp.mcuxpresso.tools.win32_25.6.0.202501151204/tools/bin/../lib/gcc/arm-none-eabi/14.2.1/thumb/v6-m/nofp\libstdc++.a(bad_typeid.o)
                              D:/MCUXpressoIDE/ide/plugins/com.nxp.mcuxpresso.tools.win32_25.6.0.202501151204/tools/bin/../lib/gcc/arm-none-eabi/14.2.1/thumb/v6-m/nofp\libstdc++.a(functexcept.o) (vtable for std::bad_typeid)
D:/MCUXpressoIDE/ide/plugins/com.nxp.mcuxpresso.tools.win32_25.6.0.202501151204/tools/bin/../lib/gcc/arm-none-eabi/14.2.1/thumb/v6-m/nofp\libstdc++.a(class_type_info.o)
                              D:/MCUXpressoIDE/ide/plugins/com.nxp.mcuxpresso.tools.win32_25.6.0.202501151204/tools/bin/../lib/gcc/arm-none-eabi/14.2.1/thumb/v6-m/nofp\libstdc++.a(si_class_type_info.o) (__cxxabiv1::__class_type_info::__do_upcast(__cxxabiv1::__class_type_info const*, void**) const)
D:/MCUXpressoIDE/ide/plugins/com.nxp.mcuxpresso.tools.win32_25.6.0.202501151204/tools/bin/../lib/gcc/arm-none-eabi/14.2.1/thumb/v6-m/nofp\libstdc++.a(eh_alloc.o)
                              D:/MCUXpressoIDE/ide/plugins/com.nxp.mcuxpresso.tools.win32_25.6.0.202501151204/tools/bin/../lib/gcc/arm-none-eabi/14.2.1/thumb/v6-m/nofp\libstdc++.a(guard.o) (__cxa_allocate_exception)
D:/MCUXpressoIDE/ide/plugins/com.nxp.mcuxpresso.tools.win32_25.6.0.202501151204/tools/bin/../lib/gcc/arm-none-eabi/14.2.1/thumb/v6-m/nofp\libstdc++.a(eh_arm.o)
                              D:/MCUXpressoIDE/ide/plugins/com.nxp.mcuxpresso.tools.win32_25.6.0.202501151204/tools/bin/../lib/gcc/arm-none-eabi/14.2.1/thumb/v6-m/nofp\libstdc++.a(functexcept.o) (__cxa_end_cleanup)
D:/MCUXpressoIDE/ide/plugins/com.nxp.mcuxpresso.tools.win32_25.6.0.202501151204/tools/bin/../lib/gcc/arm-none-eabi/14.2.1/thumb/v6-m/nofp\libstdc++.a(eh_exception.o)
                              D:/MCUXpressoIDE/ide/plugins/com.nxp.mcuxpresso.tools.win32_25.6.0.202501151204/tools/bin/../lib/gcc/arm-none-eabi/14.2.1/thumb/v6-m/nofp\libstdc++.a(guard_error.o) (std::exception::~exception())
D:/MCUXpressoIDE/ide/plugins/com.nxp.mcuxpresso.tools.win32_25.6.0.202501151204/tools/bin/../lib/gcc/arm-none-eabi/14.2.1/thumb/v6-m/nofp\libstdc++.a(eh_globals.o)
                              D:/MCUXpressoIDE/ide/plugins/com.nxp.mcuxpresso.tools.win32_25.6.0.202501151204/tools/bin/../lib/gcc/arm-none-eabi/14.2.1/thumb/v6-m/nofp\libstdc++.a(eh_arm.o) (__cxa_get_globals)
D:/MCUXpressoIDE/ide/plugins/com.nxp.mcuxpresso.tools.win32_25.6.0.202501151204/tools/bin/../lib/gcc/arm-none-eabi/14.2.1/thumb/v6-m/nofp\libstdc++.a(eh_personality.o)
                              D:/MCUXpressoIDE/ide/plugins/com.nxp.mcuxpresso.tools.win32_25.6.0.202501151204/tools/bin/../lib/gcc/arm-none-eabi/14.2.1/thumb/v6-m/nofp\libstdc++.a(functexcept.o) (__gxx_personality_v0)
D:/MCUXpressoIDE/ide/plugins/com.nxp.mcuxpresso.tools.win32_25.6.0.202501151204/tools/bin/../lib/gcc/arm-none-eabi/14.2.1/thumb/v6-m/nofp\libstdc++.a(eh_terminate.o)
                              D:/MCUXpressoIDE/ide/plugins/com.nxp.mcuxpresso.tools.win32_25.6.0.202501151204/tools/bin/../lib/gcc/arm-none-eabi/14.2.1/thumb/v6-m/nofp\libstdc++.a(eh_alloc.o) (std::terminate())
D:/MCUXpressoIDE/ide/plugins/com.nxp.mcuxpresso.tools.win32_25.6.0.202501151204/tools/bin/../lib/gcc/arm-none-eabi/14.2.1/thumb/v6-m/nofp\libstdc++.a(eh_throw.o)
                              D:/MCUXpressoIDE/ide/plugins/com.nxp.mcuxpresso.tools.win32_25.6.0.202501151204/tools/bin/../lib/gcc/arm-none-eabi/14.2.1/thumb/v6-m/nofp\libstdc++.a(guard.o) (__cxa_throw)
D:/MCUXpressoIDE/ide/plugins/com.nxp.mcuxpresso.tools.win32_25.6.0.202501151204/tools/bin/../lib/gcc/arm-none-eabi/14.2.1/thumb/v6-m/nofp\libstdc++.a(eh_unex_handler.o)
                              D:/MCUXpressoIDE/ide/plugins/com.nxp.mcuxpresso.tools.win32_25.6.0.202501151204/tools/bin/../lib/gcc/arm-none-eabi/14.2.1/thumb/v6-m/nofp\libstdc++.a(eh_terminate.o) (__cxxabiv1::__unexpected_handler)
D:/MCUXpressoIDE/ide/plugins/com.nxp.mcuxpresso.tools.win32_25.6.0.202501151204/tools/bin/../lib/gcc/arm-none-eabi/14.2.1/thumb/v6-m/nofp\libstdc++.a(stdexcept.o)
                              D:/MCUXpressoIDE/ide/plugins/com.nxp.mcuxpresso.tools.win32_25.6.0.202501151204/tools/bin/../lib/gcc/arm-none-eabi/14.2.1/thumb/v6-m/nofp\libstdc++.a(functexcept.o) (std::logic_error::~logic_error())
D:/MCUXpressoIDE/ide/plugins/com.nxp.mcuxpresso.tools.win32_25.6.0.202501151204/tools/bin/../lib/gcc/arm-none-eabi/14.2.1/thumb/v6-m/nofp\libstdc++.a(cow-stdexcept.o)
                              D:/MCUXpressoIDE/ide/plugins/com.nxp.mcuxpresso.tools.win32_25.6.0.202501151204/tools/bin/../lib/gcc/arm-none-eabi/14.2.1/thumb/v6-m/nofp\libstdc++.a(functexcept.o) (std::logic_error::logic_error(char const*))
D:/MCUXpressoIDE/ide/plugins/com.nxp.mcuxpresso.tools.win32_25.6.0.202501151204/tools/bin/../lib/gcc/arm-none-eabi/14.2.1/thumb/v6-m/nofp\libstdc++.a(cow-string-inst.o)
                              D:/MCUXpressoIDE/ide/plugins/com.nxp.mcuxpresso.tools.win32_25.6.0.202501151204/tools/bin/../lib/gcc/arm-none-eabi/14.2.1/thumb/v6-m/nofp\libstdc++.a(stdexcept.o) (std::string::_Rep::_S_empty_rep_storage)
D:/MCUXpressoIDE/ide/plugins/com.nxp.mcuxpresso.tools.win32_25.6.0.202501151204/tools/bin/../lib/gcc/arm-none-eabi/14.2.1/thumb/v6-m/nofp\libstdc++.a(random.o)
                              D:/MCUXpressoIDE/ide/plugins/com.nxp.mcuxpresso.tools.win32_25.6.0.202501151204/tools/bin/../lib/gcc/arm-none-eabi/14.2.1/thumb/v6-m/nofp\libstdc++.a(cow-string-inst.o) (std::random_device::_M_init(char const*, unsigned int))
D:/MCUXpressoIDE/ide/plugins/com.nxp.mcuxpresso.tools.win32_25.6.0.202501151204/tools/bin/../lib/gcc/arm-none-eabi/14.2.1/thumb/v6-m/nofp\libstdc++.a(sso_string.o)
                              D:/MCUXpressoIDE/ide/plugins/com.nxp.mcuxpresso.tools.win32_25.6.0.202501151204/tools/bin/../lib/gcc/arm-none-eabi/14.2.1/thumb/v6-m/nofp\libstdc++.a(cow-stdexcept.o) (std::__sso_string::__sso_string(char const*, unsigned int))
D:/MCUXpressoIDE/ide/plugins/com.nxp.mcuxpresso.tools.win32_25.6.0.202501151204/tools/bin/../lib/gcc/arm-none-eabi/14.2.1/thumb/v6-m/nofp\libstdc++.a(string-inst.o)
                              D:/MCUXpressoIDE/ide/plugins/com.nxp.mcuxpresso.tools.win32_25.6.0.202501151204/tools/bin/../lib/gcc/arm-none-eabi/14.2.1/thumb/v6-m/nofp\libstdc++.a(random.o) (std::__cxx11::basic_string<char, std::char_traits<char>, std::allocator<char> >::_M_create(unsigned int&, unsigned int))
D:/MCUXpressoIDE/ide/plugins/com.nxp.mcuxpresso.tools.win32_25.6.0.202501151204/tools/bin/../lib/gcc/arm-none-eabi/14.2.1/thumb/v6-m/nofp\libstdc++.a(system_error.o)
                              D:/MCUXpressoIDE/ide/plugins/com.nxp.mcuxpresso.tools.win32_25.6.0.202501151204/tools/bin/../lib/gcc/arm-none-eabi/14.2.1/thumb/v6-m/nofp\libstdc++.a(random.o) (vtable for std::system_error)
D:/MCUXpressoIDE/ide/plugins/com.nxp.mcuxpresso.tools.win32_25.6.0.202501151204/tools/bin/../lib/gcc/arm-none-eabi/14.2.1/thumb/v6-m/nofp\libstdc++.a(eh_call.o)
                              D:/MCUXpressoIDE/ide/plugins/com.nxp.mcuxpresso.tools.win32_25.6.0.202501151204/tools/bin/../lib/gcc/arm-none-eabi/14.2.1/thumb/v6-m/nofp\libstdc++.a(eh_personality.o) (__cxa_call_terminate)
D:/MCUXpressoIDE/ide/plugins/com.nxp.mcuxpresso.tools.win32_25.6.0.202501151204/tools/bin/../lib/gcc/arm-none-eabi/14.2.1/thumb/v6-m/nofp\libstdc++.a(eh_catch.o)
                              D:/MCUXpressoIDE/ide/plugins/com.nxp.mcuxpresso.tools.win32_25.6.0.202501151204/tools/bin/../lib/gcc/arm-none-eabi/14.2.1/thumb/v6-m/nofp\libstdc++.a(eh_personality.o) (__cxa_begin_catch)
D:/MCUXpressoIDE/ide/plugins/com.nxp.mcuxpresso.tools.win32_25.6.0.202501151204/tools/bin/../lib/gcc/arm-none-eabi/14.2.1/thumb/v6-m/nofp\libstdc++.a(eh_term_handler.o)
                              D:/MCUXpressoIDE/ide/plugins/com.nxp.mcuxpresso.tools.win32_25.6.0.202501151204/tools/bin/../lib/gcc/arm-none-eabi/14.2.1/thumb/v6-m/nofp\libstdc++.a(eh_terminate.o) (__cxxabiv1::__terminate_handler)
D:/MCUXpressoIDE/ide/plugins/com.nxp.mcuxpresso.tools.win32_25.6.0.202501151204/tools/bin/../lib/gcc/arm-none-eabi/14.2.1/thumb/v6-m/nofp\libstdc++.a(cxx11-stdexcept.o)
                              D:/MCUXpressoIDE/ide/plugins/com.nxp.mcuxpresso.tools.win32_25.6.0.202501151204/tools/bin/../lib/gcc/arm-none-eabi/14.2.1/thumb/v6-m/nofp\libstdc++.a(random.o) (std::runtime_error::runtime_error(std::__cxx11::basic_string<char, std::char_traits<char>, std::allocator<char> > const&))
D:/MCUXpressoIDE/ide/plugins/com.nxp.mcuxpresso.tools.win32_25.6.0.202501151204/tools/bin/../lib/gcc/arm-none-eabi/14.2.1/../../../../arm-none-eabi/lib/thumb/v6-m/nofp\libcr_newlib_nohost.a(_cr_sbrk.o)
                              D:/MCUXpressoIDE/ide/plugins/com.nxp.mcuxpresso.tools.win32_25.6.0.202501151204/tools/bin/../lib/gcc/arm-none-eabi/14.2.1/thumb/v6-m/nofp\libc.a(libc_a-sbrkr.o) (_sbrk)
D:/MCUXpressoIDE/ide/plugins/com.nxp.mcuxpresso.tools.win32_25.6.0.202501151204/tools/bin/../lib/gcc/arm-none-eabi/14.2.1/../../../../arm-none-eabi/lib/thumb/v6-m/nofp\libcr_newlib_nohost.a(_exit.o)
                              D:/MCUXpressoIDE/ide/plugins/com.nxp.mcuxpresso.tools.win32_25.6.0.202501151204/tools/bin/../lib/gcc/arm-none-eabi/14.2.1/thumb/v6-m/nofp\libc.a(libc_a-abort.o) (_exit)
D:/MCUXpressoIDE/ide/plugins/com.nxp.mcuxpresso.tools.win32_25.6.0.202501151204/tools/bin/../lib/gcc/arm-none-eabi/14.2.1/../../../../arm-none-eabi/lib/thumb/v6-m/nofp\libcr_newlib_nohost.a(close.o)
                              D:/MCUXpressoIDE/ide/plugins/com.nxp.mcuxpresso.tools.win32_25.6.0.202501151204/tools/bin/../lib/gcc/arm-none-eabi/14.2.1/thumb/v6-m/nofp\libc.a(libc_a-closer.o) (_close)
D:/MCUXpressoIDE/ide/plugins/com.nxp.mcuxpresso.tools.win32_25.6.0.202501151204/tools/bin/../lib/gcc/arm-none-eabi/14.2.1/../../../../arm-none-eabi/lib/thumb/v6-m/nofp\libcr_newlib_nohost.a(fstat.o)
                              D:/MCUXpressoIDE/ide/plugins/com.nxp.mcuxpresso.tools.win32_25.6.0.202501151204/tools/bin/../lib/gcc/arm-none-eabi/14.2.1/thumb/v6-m/nofp\libc.a(libc_a-fstatr.o) (_fstat)
D:/MCUXpressoIDE/ide/plugins/com.nxp.mcuxpresso.tools.win32_25.6.0.202501151204/tools/bin/../lib/gcc/arm-none-eabi/14.2.1/../../../../arm-none-eabi/lib/thumb/v6-m/nofp\libcr_newlib_nohost.a(getpid.o)
                              D:/MCUXpressoIDE/ide/plugins/com.nxp.mcuxpresso.tools.win32_25.6.0.202501151204/tools/bin/../lib/gcc/arm-none-eabi/14.2.1/thumb/v6-m/nofp\libc.a(libc_a-signalr.o) (_getpid)
D:/MCUXpressoIDE/ide/plugins/com.nxp.mcuxpresso.tools.win32_25.6.0.202501151204/tools/bin/../lib/gcc/arm-none-eabi/14.2.1/../../../../arm-none-eabi/lib/thumb/v6-m/nofp\libcr_newlib_nohost.a(isatty.o)
                              D:/MCUXpressoIDE/ide/plugins/com.nxp.mcuxpresso.tools.win32_25.6.0.202501151204/tools/bin/../lib/gcc/arm-none-eabi/14.2.1/thumb/v6-m/nofp\libc.a(libc_a-isattyr.o) (_isatty)
D:/MCUXpressoIDE/ide/plugins/com.nxp.mcuxpresso.tools.win32_25.6.0.202501151204/tools/bin/../lib/gcc/arm-none-eabi/14.2.1/../../../../arm-none-eabi/lib/thumb/v6-m/nofp\libcr_newlib_nohost.a(kill.o)
                              D:/MCUXpressoIDE/ide/plugins/com.nxp.mcuxpresso.tools.win32_25.6.0.202501151204/tools/bin/../lib/gcc/arm-none-eabi/14.2.1/thumb/v6-m/nofp\libc.a(libc_a-signalr.o) (_kill)
D:/MCUXpressoIDE/ide/plugins/com.nxp.mcuxpresso.tools.win32_25.6.0.202501151204/tools/bin/../lib/gcc/arm-none-eabi/14.2.1/../../../../arm-none-eabi/lib/thumb/v6-m/nofp\libcr_newlib_nohost.a(lseek.o)
                              D:/MCUXpressoIDE/ide/plugins/com.nxp.mcuxpresso.tools.win32_25.6.0.202501151204/tools/bin/../lib/gcc/arm-none-eabi/14.2.1/thumb/v6-m/nofp\libc.a(libc_a-lseekr.o) (_lseek)
D:/MCUXpressoIDE/ide/plugins/com.nxp.mcuxpresso.tools.win32_25.6.0.202501151204/tools/bin/../lib/gcc/arm-none-eabi/14.2.1/../../../../arm-none-eabi/lib/thumb/v6-m/nofp\libcr_newlib_nohost.a(read.o)
                              D:/MCUXpressoIDE/ide/plugins/com.nxp.mcuxpresso.tools.win32_25.6.0.202501151204/tools/bin/../lib/gcc/arm-none-eabi/14.2.1/thumb/v6-m/nofp\libc.a(libc_a-readr.o) (_read)
D:/MCUXpressoIDE/ide/plugins/com.nxp.mcuxpresso.tools.win32_25.6.0.202501151204/tools/bin/../lib/gcc/arm-none-eabi/14.2.1/../../../../arm-none-eabi/lib/thumb/v6-m/nofp\libcr_newlib_nohost.a(write.o)
                              D:/MCUXpressoIDE/ide/plugins/com.nxp.mcuxpresso.tools.win32_25.6.0.202501151204/tools/bin/../lib/gcc/arm-none-eabi/14.2.1/thumb/v6-m/nofp\libc.a(libc_a-writer.o) (_write)
D:/MCUXpressoIDE/ide/plugins/com.nxp.mcuxpresso.tools.win32_25.6.0.202501151204/tools/bin/../lib/gcc/arm-none-eabi/14.2.1/../../../../arm-none-eabi/lib/thumb/v6-m/nofp\libcr_newlib_nohost.a(_cr_check_heap.o)
                              D:/MCUXpressoIDE/ide/plugins/com.nxp.mcuxpresso.tools.win32_25.6.0.202501151204/tools/bin/../lib/gcc/arm-none-eabi/14.2.1/../../../../arm-none-eabi/lib/thumb/v6-m/nofp\libcr_newlib_nohost.a(_cr_sbrk.o) (__check_heap_overflow)
